QROS_COMPILE_RECEIPT_V1
axis_count=6
enumeration=AXIS_NAME_LEXICOGRAPHIC_LAST_AXIS_FASTEST_DECLARED_VALUE_ORDER
name=SYNTHETIC_XAUUSD_EMA_CROSS
program_sha256=b0dd32a382727585d1b6d5df8b4982bfda906bff85a8d6ff6b88aeef849ddf8d
purpose=TEST_ONLY
raw_births=96
scientific_ontology_frozen=0
seed_sha256=0c809e4abe1f1e10cecfa74aa22760c7bd478c249dada007ed4ea1bf06b96d72
status=PROGRAM_PARSED
symbol=XAUUSD
candidate_id=e5bacdb681f184133d0e1a6ccdc474d2c48191cfff4cbeb84195965d5401000e
feature_store_sha256=f355daedf4b9f734561f259cb212680920fb66deaee74e39516455071f14670a
START_CHUNK start=0 end=7 graphs=2
COMMITTED coverage=7/96 head=4757aaceacb1880be26b63346a848dd8ef67640f7e0222aaf84e55cd089fe4ac
START_CHUNK start=7 end=14 graphs=2
COMMITTED coverage=14/96 head=aad8fcc81d5e51f0b0fa6e5f950e9704d203d2e19ae8de8092d03a2631f53ab9
status=PAUSED_AT_CHUNK_BOUNDARY
next_birth=14
background_running=0
START_CHUNK start=14 end=25 graphs=1
COMMITTED coverage=25/96 head=0a5e7ba2fb4c899b620f8a3226ed2d6f1aea96f8aa5129e44f034fb46d67b9a7
START_CHUNK start=25 end=36 graphs=0
COMMITTED coverage=36/96 head=e27d1f3b5f85a571a517e47a5838c2e62b7be56f6e3c73a8cb08354940608c3c
START_CHUNK start=36 end=47 graphs=1
COMMITTED coverage=47/96 head=7297d9eb10d1a69f0222c78175a53ddf64f6546237db0371aa3e3a595d36a58d
START_CHUNK start=47 end=58 graphs=3
COMMITTED coverage=58/96 head=10c8f9003da33d87f210c8a37bf291d02e996c16195e7e8c3f6060281d684a51
START_CHUNK start=58 end=69 graphs=2
COMMITTED coverage=69/96 head=969d2cc31c00fb36204d927d5dd32408829f0c998b99e4fc00c80f60809722f1
START_CHUNK start=69 end=80 graphs=0
COMMITTED coverage=80/96 head=729f8f34d218090dc199ac5c171ee8d65890920ee74bdff71e023286eb4fd1a9
START_CHUNK start=80 end=91 graphs=1
COMMITTED coverage=91/96 head=a0659582e6586b9ded472c0febfd0ed8e56674a72ba0198748af905b8867b514
START_CHUNK start=91 end=96 graphs=1
COMMITTED coverage=96/96 head=5c12292968e52150dc4a3d7a43f557f0892caf9ebf641090a3285e791965653a
QROS_MINING_COMPLETION_V1
aliases=32
binding_sha256=c3c3730bccc7c5ad501677dec6da5ac3a99eaa96b91553f503ee499fff4fbcdf
branch_exhausted=0
causal_exclusions=16
coverage_end=96
dataset_spec_sha256=2623ace84887c44da8d909b69739c8a21e9326b8e97bf37c7fe75bdb0948c4cf
executed_identities=48
head_sha256=5c12292968e52150dc4a3d7a43f557f0892caf9ebf641090a3285e791965653a
ledger_sha256=700b82069a953076b65f823f89ed5c0ae8f40115533e7e1b8888056daf18ac00
n_tests_raw=96
program_sha256=b0dd32a382727585d1b6d5df8b4982bfda906bff85a8d6ff6b88aeef849ddf8d
purpose=TEST_ONLY
scientific_head_promoted=0
status=TEST_STAGE_COMPLETE
unresolved=0
QROS_GATE_REPORT_V1
candidates_with_trades=48
correction=BY
decision_scope=CONFIGURED_SCREEN_ONLY
ledger_sha256=700b82069a953076b65f823f89ed5c0ae8f40115533e7e1b8888056daf18ac00
method=YEAR_BLOCK_SIGN_FLIP_V1
method_assumptions=SYMMETRIC_INDEPENDENT_YEAR_BLOCKS_NOT_AUTOMATICALLY_VERIFIED
n_tests=96
policy_preregistration_verified=0
policy_sha256=c010d5c414340412b2d8fc14e2e25cc85023964491e17bea36b0cb911562a341
program_sha256=b0dd32a382727585d1b6d5df8b4982bfda906bff85a8d6ff6b88aeef849ddf8d
purpose=TEST_ONLY
research_approved=0
zero_trade_hypotheses=PVALUE_ONE
candidate_id,trades,net_u,pf,dd_u,expectancy_r,trade_sharpe,negative_years,p_value,q_value,screen
06c7a1e5fbeb9ce95b196675ddc173efd53498cb922b36299ade663b876bfacd,12,3,1.0375,37,0.03125,0.0172731503468050321,3,0.499,1,FAIL
09cbe7eebe9b909bbd608a7a598d4ae6b7af922a0e680b4b95728f405a029ddc,12,12,1.16666666666666667,30,0.125,0.0713954643253196364,3,0.499,1,FAIL
0dc78913b40b29a7468fed69b57b0fa4a830fac58a73e0efde35784284b16e85,12,47,2,11,0.489583333333333333,0.314233521036114966,1,0.116,1,FAIL
1e17540e6ade183ee2f9a630f7b1d47d1c09ee681fa74a58e704c2e474a2407e,12,-17,0.831683168316831683,53,-0.118055555555555556,-0.087997788207957042,3,1,1,FAIL
2028e32622b09c20614627afddd188b7727253da55751394468814c23204ddff,12,-19,0.813725490196078431,56,-0.131944444444444444,-0.0985234134808618902,3,1,1,FAIL
2291706714c31336be8c994cb77017cf935292b55773f4a4fb7deca0df708e54,12,5,1.0641025641025641,18,0.0347222222222222222,0.0275783926848076244,2,0.39,1,FAIL
26b133ce106ba91acc33245f114ead92d1340f56c2952fdb3ce989adb077dd9b,12,11,1.15068493150684932,28,0.114583333333333333,0.065101087883973516,2,0.499,1,FAIL
2d8867ac59c491c8967981dbdf6304152759ef6edabe31379f473a725907ea97,12,63,2.06779661016949153,14,0.65625,0.34781111048750817,1,0.116,1,FAIL
30871d801273f34c041935273376c151982afd26a07b22f30b5d586815adfdd2,12,3,1.0375,37,0.03125,0.0172731503468050321,3,0.499,1,FAIL
314222f5450c7bcedf66b2e5801c3940b45513472a4d05c31a1c2dbb2ba28b37,12,11,1.15068493150684932,28,0.0763888888888888889,0.065101087883973516,2,0.499,1,FAIL
380afb4e8ed7d0e2642783fd52955544a4a612cf4676d648469371f8ac821bbd,12,7,1.09210526315789474,28,0.0729166666666666667,0.0411645593217407926,3,0.505,1,FAIL
382d4ab35acc4461b577a14f9b9d927b9ae9cdcf4f2724a7bc5a4a23a742f9b4,12,9,1.12,30,0.09375,0.0527906083303744783,3,0.499,1,FAIL
38ade301142dc1f902b2eaae694293c59aef385eb0a189c320abd0f6567eee79,12,50,1.69444444444444444,16,0.347222222222222222,0.253846057715120606,1,0.116,1,FAIL
3c7d333fee95471be20780b35f160a69b209edb84b99f2e1fa7c6993bb981336,12,5,1.0641025641025641,35,0.0520833333333333333,0.029024672169630481,3,0.499,1,FAIL
4163683b4bdde35e505212a4252065366ce91436008b574087e3bf488979a110,12,-17,0.831683168316831683,53,-0.118055555555555556,-0.087997788207957042,3,1,1,FAIL
4e843cc742d9b1f47d96e457c02a4ab10258b11b4bc11219e8d592c33344ce92,12,7,1.09090909090909091,32,0.0729166666666666667,0.04067043860346686,3,0.499,1,FAIL
53fd54ce69bb9e5470f270b3cc2f592aff307e8246720cc1054c57a8aa7b8901,12,-18,0.823529411764705882,54,-0.125,-0.0927185794618463523,3,1,1,FAIL
65996d7e4a1d37bd976b3bc60700752a6ecfa9a2874d2d1a26d9d8493c99993d,12,50,1.69444444444444444,16,0.347222222222222222,0.253846057715120606,1,0.116,1,FAIL
70de102c36ccc4f43d97c9a05c1e91a79dd2ca8b1ca7b3d8454613f9f7d19295,12,57,1.93442622950819672,15,0.59375,0.315949413952571454,1,0.116,1,FAIL
71b5dab3b1fea889aee64cd6272144a3bf4682baf151c17575f5d973adac6506,12,63,2.06779661016949153,14,0.65625,0.34781111048750817,1,0.116,1,FAIL
71baf06f2b17070a24785095691241474e8d99989c5ceee86c0f623194c8b354,12,76,2.80952380952380952,10,0.791666666666666667,0.486177999933201028,1,0.116,1,FAIL
770daed85b467d52670319fcef47faaecf4a4b483a6e3db81c2cfb4cf38e4ccc,12,5,1.0641025641025641,35,0.0520833333333333333,0.029024672169630481,3,0.499,1,FAIL
83dd9c5747837c37ee7455e4d8dc6c263aa5754fd3e764fdf3d8933bfd2e2af0,12,-18,0.823529411764705882,54,-0.125,-0.0927185794618463523,3,1,1,FAIL
843516d4b8b2caaa8e467b34835f9a55f9ab96acf443d7b68d1c7fa18b32db4d,12,11,1.15068493150684932,28,0.114583333333333333,0.065101087883973516,2,0.499,1,FAIL
8c1d2cef7bf6d1d5fa92e3735757b48c950f777479c0bcea93b4d08d19e0d994,12,-24,0.775700934579439252,45,-0.166666666666666667,-0.121634242869071259,3,1,1,FAIL
8f7868a962f41d90280911ea630988b2a5a2b10f4a91d6fcf84cc35b3dea7241,12,12,1.16666666666666667,30,0.0833333333333333333,0.0713954643253196363,3,0.499,1,FAIL
90074717efda54db703e930f50d6240cb34489d94d20cd8270c91170656d8c75,12,-19,0.813725490196078431,56,-0.131944444444444444,-0.0985234134808618902,3,1,1,FAIL
95bd79dafd0b991fd211f7ffb5c2cc8e2d7742e69f3880f940dc71ef2ff2e3fd,12,47,2,11,0.489583333333333333,0.314233521036114966,1,0.116,1,FAIL
9dabb8083e2d7ec5b5e5502aac3761fb8dc779c9146c7f5d70578f4f68ddc124,12,76,2.80952380952380952,10,0.791666666666666667,0.486177999933201028,1,0.116,1,FAIL
b0280eaf62d7a07a3382e148d69a626e4f60fab7179ce7f430ef917761bae46a,12,80,2.90476190476190476,9,0.555555555555555556,0.500369727873963378,0,0.116,1,FAIL
b15c943c573d525a076838f96815fdd314168914f8ebe549e4ab19303e5421cd,12,57,1.93442622950819672,15,0.59375,0.315949413952571454,1,0.116,1,FAIL
b4439aa7ba5f9f50fc3df552cdf4fabdf74a5ffdaa5e7e0c3e2aaff17ca1cb3f,12,27,1.48214285714285714,14,0.28125,0.171731164162492047,1,0.19,1,FAIL
bf09b63f5fa9a3d12b01951e7da3e4ed6420d6bd1a02067e383bf73460cce848,12,11,1.15068493150684932,28,0.0763888888888888889,0.065101087883973516,2,0.499,1,FAIL
bff53a4543fe29a0f155b0a8ec9d9c818a643d4fa2291a93e033b7d05f8763f5,12,47,2,11,0.326388888888888889,0.314233521036114966,1,0.116,1,FAIL
d81ab10a73646f3d406b0444f2128262486a5c4700e2bab582a850ac337853c1,12,80,2.90476190476190476,9,0.555555555555555556,0.500369727873963378,0,0.116,1,FAIL
d8ced31533eeec0fbe8e0bd13cb442f94482ce6aa9ca8206e371f56122b21ec5,12,47,2,11,0.326388888888888889,0.314233521036114966,1,0.116,1,FAIL
df297d7f6cd1971d2d0fb91f9e25684ef488d0df6dd509446f86dc4eab302db4,12,7,1.09090909090909091,32,0.0729166666666666667,0.04067043860346686,3,0.499,1,FAIL
df4cca0c019be8b6855a59db75c45632acdb7aab87e7e9d136e3c90277fb3b35,12,5,1.0641025641025641,35,0.0347222222222222222,0.029024672169630481,3,0.499,1,FAIL
e1abf2485f8fd2fe48a5b5378be3127ecc89a6b262fbf48e2be7f335941fe812,12,5,1.0641025641025641,35,0.0347222222222222222,0.029024672169630481,3,0.499,1,FAIL
e36b5f8eae9899b3248aad0deb084c93a1ac19b1b2c3fb6e0a4d38c7768b8162,12,79,2.8372093023255814,10,0.822916666666666667,0.490084591884843114,0,0.116,1,FAIL
e5bab783aa2796c8a9f99bc13dfdc2ebc6f511af41bb89421841f9f751fd74e3,12,43,1.57333333333333333,16,0.298611111111111111,0.218261585865937949,1,0.116,1,FAIL
e5bacdb681f184133d0e1a6ccdc474d2c48191cfff4cbeb84195965d5401000e,12,9,1.12,30,0.09375,0.0527906083303744783,3,0.499,1,FAIL
e989d5eae318b74ebd85a15b48fe12c6efc68a60e6316e8a286a2be91829137f,12,43,1.57333333333333333,16,0.298611111111111111,0.218261585865937949,1,0.116,1,FAIL
ead5f24d3db7c10e5b14b79ee770d05644bddc31e1012b33b890ddb3e99db4cb,12,12,1.16666666666666667,30,0.125,0.0713954643253196364,3,0.499,1,FAIL
f02852fde4882d75565e89379bac05880a62ed9cbe9ca15b166dc7da6cfff88a,12,78,2.95,8,0.541666666666666667,0.507424107011808518,0,0.062,1,FAIL
f4951157423b8e96f647e02b58f5c963925b5d5756ba9f887f7de4083d85e174,12,12,1.16666666666666667,30,0.0833333333333333333,0.0713954643253196363,3,0.499,1,FAIL
f7bc5242fd2a27d4b9c0a51da3cf1d3421595e8281832365d42c46cae13c4c9c,12,79,2.8372093023255814,10,0.822916666666666667,0.490084591884843114,0,0.116,1,FAIL
f82e2dcd978ae468fec6febaaa7ea5e90c400ed1661df8ca0f7f72dc607fdc84,12,78,2.95,8,0.541666666666666667,0.507424107011808518,0,0.062,1,FAIL
DEMO_SINTETICA_COMPLETA; research_approved=0; background_running=0; output=/workspace/scratch/4081d1647557/qros_engine_v0_6/reports/demo-xau
