QROS_COMPILE_RECEIPT_V1
axis_count=6
enumeration=AXIS_NAME_LEXICOGRAPHIC_LAST_AXIS_FASTEST_DECLARED_VALUE_ORDER
name=SYNTHETIC_NQX_EMA_CROSS
program_sha256=6f55bee210b4b28b994d0409c26e817daebad0e552d022be2b72c8c658af33bd
purpose=TEST_ONLY
raw_births=96
scientific_ontology_frozen=0
seed_sha256=0c809e4abe1f1e10cecfa74aa22760c7bd478c249dada007ed4ea1bf06b96d72
status=PROGRAM_PARSED
symbol=NQX
candidate_id=fa3fe30c808411091ca5d5aa5619dae9caa7ebd2dab1a188174d859e8402c38d
feature_store_sha256=c5ef80a66535029d6ea71dbca56373fe2a3bab45998ca253dbc4cadfa390ab10
START_CHUNK start=0 end=7 graphs=2
COMMITTED coverage=7/96 head=e033eb40497eb120df4faf9a4079e20f24a3c13993021d7475b4f83807a0f998
START_CHUNK start=7 end=14 graphs=2
COMMITTED coverage=14/96 head=d9382efe60dc0a5778f079ab3c526efc225bf09f20e1fd9a33de80676c7ba9a6
status=PAUSED_AT_CHUNK_BOUNDARY
next_birth=14
background_running=0
START_CHUNK start=14 end=25 graphs=1
COMMITTED coverage=25/96 head=4fe722210bbc938cef17a4035aeab98a233477de8ea85a1145034a56eac5953c
START_CHUNK start=25 end=36 graphs=0
COMMITTED coverage=36/96 head=6e60fc7bb75c6c3e8595da95e2610af6bc85ddd79983761e1bf98260981687ae
START_CHUNK start=36 end=47 graphs=1
COMMITTED coverage=47/96 head=d1dee9565ec77c1bd1ffba7e5071eff44eb9246966fd8f11b35c94afe17a79d0
START_CHUNK start=47 end=58 graphs=3
COMMITTED coverage=58/96 head=feb33f3b8961cdc03c8872a58584208633470096510876f8753ec43d348d9662
START_CHUNK start=58 end=69 graphs=2
COMMITTED coverage=69/96 head=751ff19562ca8d59be6776b88e40a8301e7cef0d73efaedb7834d00bad6fede0
START_CHUNK start=69 end=80 graphs=0
COMMITTED coverage=80/96 head=a60c2272d10c6414f155769de739fde2f58076eb715ab7c12d7a390d0c9e472e
START_CHUNK start=80 end=91 graphs=1
COMMITTED coverage=91/96 head=5708f160084be5c7127d42dde8fc4e9a3f8b99040c864e9c77a8a003b0414f29
START_CHUNK start=91 end=96 graphs=1
COMMITTED coverage=96/96 head=734efa31d88b5b439883127ab0dc602b42052aa894f7bdde573fe0b3d8d4f4ba
QROS_MINING_COMPLETION_V1
aliases=32
binding_sha256=b98d4e27af1a01d369592625a27a0890121249f822ab59890ba21cde99187a64
branch_exhausted=0
causal_exclusions=16
coverage_end=96
dataset_spec_sha256=e80cd80f565020bbf1e13220799e33483a120b999722eb7996183b54eb57708a
executed_identities=48
head_sha256=734efa31d88b5b439883127ab0dc602b42052aa894f7bdde573fe0b3d8d4f4ba
ledger_sha256=7bd7fa90fb602a7187c41d01f09021ded6de603ffab41108fce8e82a49fb5d86
n_tests_raw=96
program_sha256=6f55bee210b4b28b994d0409c26e817daebad0e552d022be2b72c8c658af33bd
purpose=TEST_ONLY
scientific_head_promoted=0
status=TEST_STAGE_COMPLETE
unresolved=0
QROS_GATE_REPORT_V1
candidates_with_trades=48
correction=BY
decision_scope=CONFIGURED_SCREEN_ONLY
ledger_sha256=7bd7fa90fb602a7187c41d01f09021ded6de603ffab41108fce8e82a49fb5d86
method=YEAR_BLOCK_SIGN_FLIP_V1
method_assumptions=SYMMETRIC_INDEPENDENT_YEAR_BLOCKS_NOT_AUTOMATICALLY_VERIFIED
n_tests=96
policy_preregistration_verified=0
policy_sha256=767ab6d25f2a96b8f6712a438f801dcfb4b02fe33d98463666104687e6de9824
program_sha256=6f55bee210b4b28b994d0409c26e817daebad0e552d022be2b72c8c658af33bd
purpose=TEST_ONLY
research_approved=0
zero_trade_hypotheses=PVALUE_ONE
candidate_id,trades,net_u,pf,dd_u,expectancy_r,trade_sharpe,negative_years,p_value,q_value,screen
0132a421e9bf00f979003196753e1fc8dbe12d51822cb5a64d27be0dcc3cc8be,12,-19,0.813725490196078431,56,-0.131944444444444444,-0.0985234134808618902,3,1,1,FAIL
02c94c90bced143fa43e6ee68a9ef5fa68699021d913d62c43f38e74795b103b,12,11,1.15068493150684932,28,0.114583333333333333,0.065101087883973516,2,0.499,1,FAIL
036ab351328ef009ad4c238a5d13eb4e26e1b6ca0832191c3691aff0958158fb,12,5,1.0641025641025641,35,0.0520833333333333333,0.029024672169630481,3,0.499,1,FAIL
076574ba3b8ca98f1b0b8e7c7bc0e8e1c65497a68be78abf67e484470c8985bd,12,47,2,11,0.326388888888888889,0.314233521036114966,1,0.116,1,FAIL
0a8f78c9d6d15e6771247cd86d3dae44f38eccfb1dc4c363929d807309e7d642,12,47,2,11,0.489583333333333333,0.314233521036114966,1,0.116,1,FAIL
0cb8c2ef6842da9c4955f31c5480f78fcf83989d5951eedd01edc03885fa81e1,12,3,1.0375,37,0.03125,0.0172731503468050321,3,0.499,1,FAIL
126a3a3f10be44cdf42bf1ae34d9a49dd028c9eaddc5763eb54a2186014c1b1d,12,5,1.0641025641025641,35,0.0347222222222222222,0.029024672169630481,3,0.499,1,FAIL
16b497e8a6b95ac44cbee9577e57f63fcecb451086bbcfc49c24b9904d71f0e0,12,43,1.57333333333333333,16,0.298611111111111111,0.218261585865937949,1,0.116,1,FAIL
2980cb3c95c01a8a7a1e2b1164f2b94050d484b015b7dfa8265b4b4fafee63cd,12,47,2,11,0.326388888888888889,0.314233521036114966,1,0.116,1,FAIL
2cdb86e06505a346790b1c1a23ed34b61ce7d7417627d3716aa5dbcd2c2ec569,12,57,1.93442622950819672,15,0.59375,0.315949413952571454,1,0.116,1,FAIL
2de8833be9d50ba2dd8e38e4d6b6dba052e7214faa906f799325a12c25ae0e6e,12,78,2.95,8,0.541666666666666667,0.507424107011808518,0,0.062,1,FAIL
3209525e340b01e695e43829190b6da297bc1eb3c448b043ac57ab2cb7d62a8d,12,57,1.93442622950819672,15,0.59375,0.315949413952571454,1,0.116,1,FAIL
342cb5385f91b0e4006b960a96bcb4a5eed8c6e7028cc4f429d2796a10310a54,12,7,1.09210526315789474,28,0.0729166666666666667,0.0411645593217407926,3,0.505,1,FAIL
43f5b3c9a54b8f967abe276b6f13b1b102ee69ae6e2da4a1fe60c27bba387521,12,-19,0.813725490196078431,56,-0.131944444444444444,-0.0985234134808618902,3,1,1,FAIL
4f9b4ffd7cea948816b1c5403cc5fe10da5333e2149eedc7d44fc3143f97e6aa,12,-17,0.831683168316831683,53,-0.118055555555555556,-0.087997788207957042,3,1,1,FAIL
5157723a70825d8fc2d56646ae3f2b4150c18fd58a684e0637a3625b3778502a,12,7,1.09090909090909091,32,0.0729166666666666667,0.04067043860346686,3,0.499,1,FAIL
5217e9a15b240cfd2e860af3d03ebf84e739b3baa68b2ac1f6b2ab876b87b736,12,3,1.0375,37,0.03125,0.0172731503468050321,3,0.499,1,FAIL
5914f596244c54e21eebc45d06507e64de1606b8cdc6ed513c31011063fde07b,12,-17,0.831683168316831683,53,-0.118055555555555556,-0.087997788207957042,3,1,1,FAIL
5d5a0ef09a8ccdc13efb86db0e40d057762148c5d002f3b1f2335d4f971fe0c2,12,50,1.69444444444444444,16,0.347222222222222222,0.253846057715120606,1,0.116,1,FAIL
64adcd7b1b549553991b057207e6dfb39ee2898f555d4f06d129b4514f2134a2,12,5,1.0641025641025641,18,0.0347222222222222222,0.0275783926848076244,2,0.39,1,FAIL
6522752d0617d0e29e2648a0d0e0166b153f33b8004a920899148ad70555a7a7,12,11,1.15068493150684932,28,0.114583333333333333,0.065101087883973516,2,0.499,1,FAIL
6997c4bdcbb31a698ad2ad2c5bc0e1b714bed12270f16df7cef3a6dd1e066ca1,12,-18,0.823529411764705882,54,-0.125,-0.0927185794618463523,3,1,1,FAIL
6e413de0f33f98474253e3651c221f8b07e0cc17d5a5da1ed41595cca0c84ca1,12,79,2.8372093023255814,10,0.822916666666666667,0.490084591884843114,0,0.116,1,FAIL
70aa02b66a829f83ef4d2f0949778464794065f1478be58338cf60163bfcfd95,12,12,1.16666666666666667,30,0.125,0.0713954643253196364,3,0.499,1,FAIL
71da75771768678aecb11b4b1c87113297e9dc9cb1e36d713b74aa42c92c27d0,12,-24,0.775700934579439252,45,-0.166666666666666667,-0.121634242869071259,3,1,1,FAIL
75b0104dd970f691812ed0cb336355ac10d494c3cac07e5eb9d6b50bc7bea927,12,76,2.80952380952380952,10,0.791666666666666667,0.486177999933201028,1,0.116,1,FAIL
7d88cb6d6a1b277a5a88abf82743b5355474b76b6f566d929192ca9abc81826b,12,50,1.69444444444444444,16,0.347222222222222222,0.253846057715120606,1,0.116,1,FAIL
7ff7bc87028d1802975a37c445daefd69c49f2a6efa59530d9792246169b9bf5,12,63,2.06779661016949153,14,0.65625,0.34781111048750817,1,0.116,1,FAIL
8626927372478aa13a7c022c43a4d74e4f9b7fb98f2bc00da236d165d2eda07d,12,5,1.0641025641025641,35,0.0347222222222222222,0.029024672169630481,3,0.499,1,FAIL
8ed2b17a39cf1e8bcbeebbdb6ef67b37dcaaa0e6ac7fc13c9195c3b1d4ebe364,12,80,2.90476190476190476,9,0.555555555555555556,0.500369727873963378,0,0.116,1,FAIL
962300371f80993cd6da01d4790571afd6bf29f55b081880fdbc9838dd6ed2f2,12,7,1.09090909090909091,32,0.0729166666666666667,0.04067043860346686,3,0.499,1,FAIL
9a2e6e36bf9b43a485aee3d79e5193e4e7fca37de40db49c57a79744b74d9a81,12,78,2.95,8,0.541666666666666667,0.507424107011808518,0,0.062,1,FAIL
a4d04fefcc27bd602bd271fd674d0e8b93a7e0bcd1ee607df7e44cefa0b3227d,12,11,1.15068493150684932,28,0.0763888888888888889,0.065101087883973516,2,0.499,1,FAIL
a5d3832f55e41448e425a06a45968036c512399a27ea612d371ae0954107d02f,12,47,2,11,0.489583333333333333,0.314233521036114966,1,0.116,1,FAIL
ac5315bdad75fbbd6d99ff3735c14f3ba717fe6305da0d6ef378374534809d55,12,80,2.90476190476190476,9,0.555555555555555556,0.500369727873963378,0,0.116,1,FAIL
ac78473302ea3eb368924d2e510f4b3bb44938d25d429f4c2d1c0d75b87d4c53,12,43,1.57333333333333333,16,0.298611111111111111,0.218261585865937949,1,0.116,1,FAIL
b4a6c7111f2ad2f2fc279c8145b759e6b28834eac4a6adc9705a96a579d1ab91,12,27,1.48214285714285714,14,0.28125,0.171731164162492047,1,0.19,1,FAIL
bbde92232608e004de38044fffcafd13265b86e713524ab1db4a38ffa2434f58,12,5,1.0641025641025641,35,0.0520833333333333333,0.029024672169630481,3,0.499,1,FAIL
be50831176c732014fd1058cdb203f2b2586cc1cdd201bb57fbdc8c90a96ec57,12,12,1.16666666666666667,30,0.0833333333333333333,0.0713954643253196363,3,0.499,1,FAIL
cbdd8c021561bac451afd8bbbeedd933b9cc1435785550bf6a55dfbe6946cbf4,12,12,1.16666666666666667,30,0.125,0.0713954643253196364,3,0.499,1,FAIL
d082d9438b1ffc56bf6f23ad8a1a1be0e310266926525674ca44276f4fab3825,12,63,2.06779661016949153,14,0.65625,0.34781111048750817,1,0.116,1,FAIL
d6294d102cde83a81c0499482da11d37baa4ca11c69f608bae3c3cc27134e018,12,79,2.8372093023255814,10,0.822916666666666667,0.490084591884843114,0,0.116,1,FAIL
e3b653e77c8bdec6147280c90f1e24fa004b7c0fc59025b468f9b4954b83880a,12,12,1.16666666666666667,30,0.0833333333333333333,0.0713954643253196363,3,0.499,1,FAIL
e6843edf0112817fdd16af1b7af6866218a91c0383bf56be495daaec61661419,12,11,1.15068493150684932,28,0.0763888888888888889,0.065101087883973516,2,0.499,1,FAIL
eaf06b04a8c2e22ea73ad43f58764f1aac58c39a1d83351fefe28eba30a7a0ae,12,76,2.80952380952380952,10,0.791666666666666667,0.486177999933201028,1,0.116,1,FAIL
f7423993dd9acab47530e38514f9f06e5a4e15977593b66ce0fc1765164fccbf,12,-18,0.823529411764705882,54,-0.125,-0.0927185794618463523,3,1,1,FAIL
fa3fe30c808411091ca5d5aa5619dae9caa7ebd2dab1a188174d859e8402c38d,12,9,1.12,30,0.09375,0.0527906083303744783,3,0.499,1,FAIL
ffa93ac369ef6900e06678681690f4b481d3d9069630d7232a63d8c90a08d6e6,12,9,1.12,30,0.09375,0.0527906083303744783,3,0.499,1,FAIL
DEMO_SINTETICA_COMPLETA; research_approved=0; background_running=0; output=/workspace/scratch/4081d1647557/qros_engine_v0_6/reports/demo-nqx
